// Jest Snapshot v1, https://goo.gl/fbAQLP

exports[`renders the button 1`] = `
<button
  className="button "
  disabled={false}
  onClick={[Function]}
>
  HELLO
</button>
`;
